../Core/Src/main.c:97:6:setDataReady	8	static
../Core/Src/main.c:114:6:HAL_SPI_RxCpltCallback	16	static
../Core/Src/main.c:137:5:main	24	static
../Core/Src/main.c:219:6:SystemClock_Config	96	static
../Core/Src/main.c:279:6:PeriphCommonClock_Config	160	static
../Core/Src/main.c:306:13:MX_ADC1_Init	32	static
../Core/Src/main.c:364:13:MX_DFSDM1_Init	8	static
../Core/Src/main.c:402:13:MX_I2C1_Init	8	static
../Core/Src/main.c:450:13:MX_I2C2_Init	8	static
../Core/Src/main.c:498:13:MX_OCTOSPI1_Init	32	static
../Core/Src/main.c:546:13:MX_SPI1_Init	8	static
../Core/Src/main.c:586:13:MX_SPI3_Init	8	static
../Core/Src/main.c:626:13:MX_TIM3_Init	64	static
../Core/Src/main.c:685:13:MX_UART4_Init	8	static
../Core/Src/main.c:733:13:MX_USART1_UART_Init	8	static
../Core/Src/main.c:781:13:MX_USART2_UART_Init	8	static
../Core/Src/main.c:829:13:MX_USART3_UART_Init	8	static
../Core/Src/main.c:877:13:MX_USB_OTG_FS_USB_Init	4	static
../Core/Src/main.c:898:13:MX_GPIO_Init	56	static
../Core/Src/main.c:1037:6:Error_Handler	4	static
