../Core/Src/main.c:98:6:setDataReady	8	static
../Core/Src/main.c:115:6:HAL_SPI_RxCpltCallback	16	static
../Core/Src/main.c:142:5:main	24	static
../Core/Src/main.c:225:6:SystemClock_Config	96	static
../Core/Src/main.c:285:6:PeriphCommonClock_Config	160	static
../Core/Src/main.c:312:13:MX_ADC1_Init	32	static
../Core/Src/main.c:370:13:MX_DFSDM1_Init	8	static
../Core/Src/main.c:408:13:MX_I2C1_Init	8	static
../Core/Src/main.c:456:13:MX_I2C2_Init	8	static
../Core/Src/main.c:504:13:MX_OCTOSPI1_Init	32	static
../Core/Src/main.c:552:13:MX_SPI1_Init	8	static
../Core/Src/main.c:592:13:MX_SPI3_Init	8	static
../Core/Src/main.c:632:13:MX_TIM3_Init	64	static
../Core/Src/main.c:691:13:MX_UART4_Init	8	static
../Core/Src/main.c:739:13:MX_USART1_UART_Init	8	static
../Core/Src/main.c:787:13:MX_USART2_UART_Init	8	static
../Core/Src/main.c:835:13:MX_USART3_UART_Init	8	static
../Core/Src/main.c:883:13:MX_USB_OTG_FS_USB_Init	4	static
../Core/Src/main.c:904:13:MX_GPIO_Init	56	static
../Core/Src/main.c:1043:6:Error_Handler	4	static
